violation type: Obstructed - core_grid - Metal1 -> TopMetal2
	srcs: net:VDD
	bbox = (787.0000, 1625.1800) - (793.0000, 1625.6200) on Layer -
violation type: Obstructed - core_grid - Metal1 -> TopMetal2
	srcs: net:VDD
	bbox = (787.0000, 1632.7400) - (793.0000, 1633.1800) on Layer -
violation type: Obstructed - core_grid - Metal1 -> TopMetal2
	srcs: net:VDD
	bbox = (787.0000, 1761.2600) - (793.0000, 1761.7000) on Layer -
violation type: Obstructed - core_grid - Metal1 -> TopMetal2
	srcs: net:VDD
	bbox = (991.0000, 1625.1800) - (997.0000, 1625.6200) on Layer -
violation type: Obstructed - core_grid - Metal1 -> TopMetal2
	srcs: net:VDD
	bbox = (991.0000, 1632.7400) - (997.0000, 1633.1800) on Layer -
violation type: Obstructed - core_grid - Metal1 -> TopMetal2
	srcs: net:VDD
	bbox = (991.0000, 1761.2600) - (997.0000, 1761.7000) on Layer -
violation type: Obstructed - core_grid - Metal1 -> TopMetal2
	srcs: net:VDD
	bbox = (1195.0000, 1625.1800) - (1201.0000, 1625.6200) on Layer -
violation type: Obstructed - core_grid - Metal1 -> TopMetal2
	srcs: net:VDD
	bbox = (1195.0000, 1632.7400) - (1201.0000, 1633.1800) on Layer -
violation type: Obstructed - core_grid - Metal1 -> TopMetal2
	srcs: net:VDD
	bbox = (1195.0000, 1761.2600) - (1201.0000, 1761.7000) on Layer -
violation type: Obstructed - core_grid - Metal1 -> TopMetal2
	srcs: net:VSS
	bbox = (719.0000, 1500.4400) - (725.0000, 1500.8800) on Layer -
violation type: Obstructed - core_grid - Metal1 -> TopMetal2
	srcs: net:VSS
	bbox = (719.0000, 1636.5200) - (725.0000, 1636.9600) on Layer -
violation type: Obstructed - core_grid - Metal1 -> TopMetal2
	srcs: net:VSS
	bbox = (719.0000, 1757.4800) - (725.0000, 1757.9200) on Layer -
violation type: Obstructed - core_grid - Metal1 -> TopMetal2
	srcs: net:VSS
	bbox = (923.0000, 1500.4400) - (929.0000, 1500.8800) on Layer -
violation type: Obstructed - core_grid - Metal1 -> TopMetal2
	srcs: net:VSS
	bbox = (923.0000, 1636.5200) - (929.0000, 1636.9600) on Layer -
violation type: Obstructed - core_grid - Metal1 -> TopMetal2
	srcs: net:VSS
	bbox = (923.0000, 1757.4800) - (929.0000, 1757.9200) on Layer -
violation type: Obstructed - core_grid - Metal1 -> TopMetal2
	srcs: net:VSS
	bbox = (1127.0000, 1500.4400) - (1133.0000, 1500.8800) on Layer -
violation type: Obstructed - core_grid - Metal1 -> TopMetal2
	srcs: net:VSS
	bbox = (1127.0000, 1636.5200) - (1133.0000, 1636.9600) on Layer -
violation type: Obstructed - core_grid - Metal1 -> TopMetal2
	srcs: net:VSS
	bbox = (1127.0000, 1757.4800) - (1133.0000, 1757.9200) on Layer -
violation type: Obstructed - core_grid - Metal1 -> TopMetal2
	srcs: net:VSS
	bbox = (1331.0000, 1500.4400) - (1337.0000, 1500.8800) on Layer -
violation type: Obstructed - core_grid - Metal1 -> TopMetal2
	srcs: net:VSS
	bbox = (1331.0000, 1636.5200) - (1337.0000, 1636.9600) on Layer -
violation type: Obstructed - core_grid - Metal1 -> TopMetal2
	srcs: net:VSS
	bbox = (1331.0000, 1757.4800) - (1337.0000, 1757.9200) on Layer -
