violation type: Horizontal congestion
	srcs: net:soc_gpio_i_12_ 
	congestion information: capacity:0 usage:1 overflow:1
	bbox = ( 1814.4, 460.8 ) - ( 1821.6, 468) on Layer -
violation type: Horizontal congestion
	srcs: net:soc_gpio_i_13_ 
	congestion information: capacity:0 usage:1 overflow:1
	bbox = ( 1814.4, 561.6 ) - ( 1821.6, 568.8) on Layer -
violation type: Horizontal congestion
	srcs: net:soc_gpio_i_14_ 
	congestion information: capacity:0 usage:1 overflow:1
	bbox = ( 1814.4, 662.4 ) - ( 1821.6, 669.6) on Layer -
violation type: Horizontal congestion
	srcs: net:soc_gpio_i_15_ 
	congestion information: capacity:0 usage:1 overflow:1
	bbox = ( 1814.4, 763.2 ) - ( 1821.6, 770.4) on Layer -
violation type: Horizontal congestion
	srcs: net:soc_gpio_i_16_ 
	congestion information: capacity:0 usage:1 overflow:1
	bbox = ( 1814.4, 864 ) - ( 1821.6, 871.2) on Layer -
violation type: Horizontal congestion
	srcs: net:soc_gpio_i_17_ 
	congestion information: capacity:0 usage:1 overflow:1
	bbox = ( 1814.4, 964.8 ) - ( 1821.6, 972) on Layer -
violation type: Horizontal congestion
	srcs: net:soc_gpio_i_18_ 
	congestion information: capacity:0 usage:1 overflow:1
	bbox = ( 1814.4, 1065.6 ) - ( 1821.6, 1072.8) on Layer -
violation type: Horizontal congestion
	srcs: net:soc_gpio_i_19_ 
	congestion information: capacity:0 usage:1 overflow:1
	bbox = ( 1814.4, 1166.4 ) - ( 1821.6, 1173.6) on Layer -
violation type: Horizontal congestion
	srcs: net:soc_gpio_i_20_ 
	congestion information: capacity:0 usage:1 overflow:1
	bbox = ( 1814.4, 1267.2 ) - ( 1821.6, 1274.4) on Layer -
violation type: Horizontal congestion
	srcs: net:soc_gpio_i_21_ 
	congestion information: capacity:0 usage:1 overflow:1
	bbox = ( 1814.4, 1368 ) - ( 1821.6, 1375.2) on Layer -
violation type: Horizontal congestion
	srcs: net:soc_gpio_i_22_ 
	congestion information: capacity:0 usage:1 overflow:1
	bbox = ( 1814.4, 1468.8 ) - ( 1821.6, 1476) on Layer -
violation type: Horizontal congestion
	srcs: net:soc_gpio_i_23_ 
	congestion information: capacity:0 usage:1 overflow:1
	bbox = ( 1814.4, 1569.6 ) - ( 1821.6, 1576.8) on Layer -
