  violation type: Metal Spacing
    srcs: net:i_croc_soc/i_croc/i_dm_top.i_dm_top/_2431_ net:net3255 
    bbox = ( 1079.66, 670.84 ) - ( 1079.86, 670.875 ) on Layer Metal2
  violation type: Metal Spacing
    srcs: net:net3731 
    bbox = ( 1081.82, 670.89 ) - ( 1082.07, 671.06 ) on Layer Metal2
  violation type: Metal Spacing
    srcs: net:net3691 
    bbox = ( 1074.62, 690.21 ) - ( 1074.91, 690.38 ) on Layer Metal2
  violation type: Metal Spacing
    srcs: net:i_croc_soc/i_croc/i_dm_top.i_dm_top/_0306_ net:i_croc_soc/i_croc/i_dm_top.i_dm_top/_2351_ 
    bbox = ( 1064.31, 685.96 ) - ( 1064.49, 685.995 ) on Layer Metal2
  violation type: Metal Spacing
    srcs: net:net3701 
    bbox = ( 1058.78, 655.77 ) - ( 1059.03, 655.94 ) on Layer Metal2
  violation type: Metal Spacing
    srcs: net:net2813 
    bbox = ( 1153.82, 1083.33 ) - ( 1154.11, 1083.5 ) on Layer Metal2
  violation type: Metal Spacing
    srcs: net:net2827 
    bbox = ( 1156.22, 1086.69 ) - ( 1156.51, 1086.86 ) on Layer Metal2
  violation type: Metal Spacing
    srcs: net:net1207 
    bbox = ( 1290.14, 1064.01 ) - ( 1290.38, 1064.18 ) on Layer Metal2
  violation type: Metal Spacing
    srcs: net:net2813 
    bbox = ( 1149.98, 1083.33 ) - ( 1150.27, 1083.5 ) on Layer Metal2
  violation type: Short
    srcs: net:i_croc_soc/i_croc/core_instr_obi_req_42_ net:net2653 
    bbox = ( 1108.41, 1373.81 ) - ( 1108.42, 1373.92 ) on Layer Metal2
  violation type: Metal Spacing
    srcs: net:net2650 
    bbox = ( 1103.9, 1355.49 ) - ( 1104.14, 1355.66 ) on Layer Metal2
  violation type: Metal Spacing
    srcs: net:i_croc_soc/i_croc/_1687_ 
    bbox = ( 1059.74, 1358.85 ) - ( 1060.03, 1359.02 ) on Layer Metal2
  violation type: Metal Spacing
    srcs: net:i_croc_soc/i_croc/_1361_ 
    bbox = ( 1084.22, 1366.41 ) - ( 1084.46, 1366.58 ) on Layer Metal2
  violation type: Metal Spacing
    srcs: net:net2679 
    bbox = ( 1086.62, 1366.41 ) - ( 1086.91, 1366.58 ) on Layer Metal2
  violation type: Metal Spacing
    srcs: net:i_croc_soc/i_croc/i_dm_top.master_wdata_o_11_ net:net3213 
    bbox = ( 1042.17, 1230.17 ) - ( 1042.22, 1230.28 ) on Layer Metal2
  violation type: Short
    srcs: net:net3631 net:net3213 
    bbox = ( 1041.45, 1230.18 ) - ( 1041.7, 1230.28 ) on Layer Metal2
  violation type: Short
    srcs: net:net3631 net:net3213 
    bbox = ( 1041.45, 1230.18 ) - ( 1042.17, 1230.28 ) on Layer Metal2
  violation type: Short
    srcs: net:net3631 net:net3213 
    bbox = ( 1041.5, 1230.08 ) - ( 1042.17, 1230.28 ) on Layer Metal2
  violation type: Short
    srcs: net:net3631 net:net3213 
    bbox = ( 1041.5, 1230.08 ) - ( 1041.7, 1230.28 ) on Layer Metal2
  violation type: Short
    srcs: net:net3631 net:net3213 
    bbox = ( 1041.98, 1230.08 ) - ( 1042.17, 1230.28 ) on Layer Metal2
  violation type: Short
    srcs: net:i_croc_soc/i_croc/i_dm_top.master_wdata_o_11_ net:net3631 
    bbox = ( 1042.22, 1230.17 ) - ( 1042.27, 1230.28 ) on Layer Metal2
  violation type: Short
    srcs: net:i_croc_soc/i_croc/i_dm_top.master_wdata_o_11_ net:net3631 
    bbox = ( 1042.22, 1230.17 ) - ( 1042.27, 1230.33 ) on Layer Metal2
  violation type: Short
    srcs: net:i_croc_soc/i_croc/i_dm_top.master_wdata_o_11_ net:net3631 
    bbox = ( 1042.22, 1230.18 ) - ( 1042.27, 1230.28 ) on Layer Metal2
  violation type: Short
    srcs: net:i_croc_soc/i_croc/_0916_ net:net1009 
    bbox = ( 1011.26, 1234.28 ) - ( 1011.53, 1234.48 ) on Layer Metal2
  violation type: Short
    srcs: net:i_croc_soc/i_croc/_0916_ net:net1009 
    bbox = ( 1011.26, 1234.28 ) - ( 1011.46, 1234.48 ) on Layer Metal2
  violation type: Metal Spacing
    srcs: net:i_croc_soc/i_croc/i_dm_top.master_wdata_o_11_ 
    bbox = ( 1042.9, 1230.12 ) - ( 1042.94, 1230.7 ) on Layer Metal3
  violation type: Metal Spacing
    srcs: net:i_croc_soc/i_croc/_1125_ 
    bbox = ( 1017.02, 1426.89 ) - ( 1017.31, 1427.06 ) on Layer Metal2
  violation type: Metal Spacing
    srcs: net:i_croc_soc/i_croc/_1125_ 
    bbox = ( 1023.74, 1426.89 ) - ( 1024.03, 1427.06 ) on Layer Metal2
  violation type: Metal Spacing
    srcs: net:i_croc_soc/i_croc/i_dm_top.master_be_o_1_ net:net3480 
    bbox = ( 1036.31, 1400.18 ) - ( 1036.46, 1400.68 ) on Layer Metal2
  violation type: Short
    srcs: net:i_croc_soc/i_croc/i_dm_top.master_be_o_1_ net:net3480 
    bbox = ( 1036.46, 1400.18 ) - ( 1036.66, 1400.38 ) on Layer Metal2
  violation type: Metal Spacing
    srcs: net:i_croc_soc/i_croc/i_dm_top.master_be_o_1_ net:net3480 
    bbox = ( 1036.31, 1400.6 ) - ( 1036.46, 1400.68 ) on Layer Metal2
  violation type: Metal Spacing
    srcs: net:net1033 
    bbox = ( 1107.74, 1098.45 ) - ( 1108.03, 1098.62 ) on Layer Metal2
  violation type: Metal Spacing
    srcs: net:net1033 
    bbox = ( 1107.26, 1124.49 ) - ( 1107.55, 1124.66 ) on Layer Metal2
  violation type: Metal Spacing
    srcs: net:net2736 
    bbox = ( 1129.82, 1106.01 ) - ( 1130.11, 1106.18 ) on Layer Metal2
  violation type: Metal Spacing
    srcs: net:net2736 
    bbox = ( 1132.7, 1106.01 ) - ( 1132.99, 1106.18 ) on Layer Metal2
  violation type: Metal Spacing
    srcs: net:i_croc_soc/user_sbr_obi_req_69_ net:i_croc_soc/i_user/_0213_ 
    bbox = ( 1114.61, 1116.88 ) - ( 1114.64, 1116.89 ) on Layer Metal2
  violation type: Metal Spacing
    srcs: net:i_croc_soc/i_croc/core_instr_obi_req_58_ net:net2735 
    bbox = ( 1138.18, 1105.76 ) - ( 1138.19, 1105.96 ) on Layer Metal2
  violation type: Metal Spacing
    srcs: net:net2735 
    bbox = ( 1135.1, 1106.01 ) - ( 1135.39, 1106.18 ) on Layer Metal2
  violation type: Metal Spacing
    srcs: net:net2735 
    bbox = ( 1140.38, 1106.01 ) - ( 1140.82, 1106.18 ) on Layer Metal2
  violation type: Metal Spacing
    srcs: net:net2741 
    bbox = ( 1145.18, 1113.57 ) - ( 1145.47, 1113.74 ) on Layer Metal2
  violation type: Metal Spacing
    srcs: net:net2738 
    bbox = ( 1114.94, 1196.68 ) - ( 1115.28, 1196.69 ) on Layer Metal2
  violation type: Metal Spacing
    srcs: net:net2738 
    bbox = ( 1115.08, 1196.68 ) - ( 1115.28, 1196.69 ) on Layer Metal2
  violation type: Metal Spacing
    srcs: net:i_croc_soc/i_croc/core_instr_obi_req_48_ net:net2738 
    bbox = ( 1130.98, 1204.04 ) - ( 1131.07, 1204.24 ) on Layer Metal2
  violation type: Metal Spacing
    srcs: net:i_croc_soc/i_croc/core_instr_obi_req_48_ net:net2738 
    bbox = ( 1130.98, 1204.04 ) - ( 1131.02, 1204.24 ) on Layer Metal2
  violation type: Metal Spacing
    srcs: net:net5702 
    bbox = ( 1236.82, 935.02 ) - ( 1237.06, 935.2 ) on Layer Metal2
  violation type: Metal Spacing
    srcs: net:net5702 
    bbox = ( 1236.82, 935.02 ) - ( 1236.87, 935.2 ) on Layer Metal2
  violation type: Short
    srcs: net:i_croc_soc/i_croc/i_core_wrap/_4413_ net:VDD 
    bbox = ( 1198.94, 1307.78 ) - ( 1199.14, 1307.98 ) on Layer Metal2
  violation type: Metal Spacing
    srcs: net:i_croc_soc/i_croc/i_core_wrap/_1040_ net:i_croc_soc/i_croc/i_core_wrap/i_ibex.alu_operand_a_ex_4_ 
    bbox = ( 1314.1, 1219.14 ) - ( 1314.35, 1219.16 ) on Layer Metal2
  violation type: Metal Spacing
    srcs: net:i_croc_soc/i_croc/i_core_wrap/_1040_ net:i_croc_soc/i_croc/i_core_wrap/i_ibex.alu_operand_a_ex_4_ 
    bbox = ( 1314.1, 1219.15 ) - ( 1314.35, 1219.16 ) on Layer Metal2
  violation type: Metal Spacing
    srcs: net:i_croc_soc/i_croc/i_core_wrap/_1040_ net:i_croc_soc/i_croc/i_core_wrap/i_ibex.alu_operand_a_ex_4_ 
    bbox = ( 1314.14, 1219.14 ) - ( 1314.35, 1219.16 ) on Layer Metal2
  violation type: Metal Spacing
    srcs: net:i_croc_soc/i_croc/i_core_wrap/_1040_ net:i_croc_soc/i_croc/i_core_wrap/i_ibex.alu_operand_a_ex_4_ 
    bbox = ( 1314.14, 1219.15 ) - ( 1314.35, 1219.16 ) on Layer Metal2
  violation type: Metal Spacing
    srcs: net:i_croc_soc/i_croc/i_core_wrap/i_ibex.cs_registers_i/mhpmcounter_1896_ net:i_croc_soc/i_croc/i_core_wrap/i_ibex.cs_registers_i/mhpmcounter_1897_ 
    bbox = ( 1707.27, 1120.88 ) - ( 1707.46, 1121.08 ) on Layer Metal2
  violation type: Metal Spacing
    srcs: net:i_croc_soc/i_croc/i_core_wrap/i_ibex.cs_registers_i/mhpmcounter_1896_ net:i_croc_soc/i_croc/i_core_wrap/i_ibex.cs_registers_i/mhpmcounter_1897_ 
    bbox = ( 1707.27, 1120.88 ) - ( 1707.45, 1121.08 ) on Layer Metal2
  violation type: Metal Spacing
    srcs: net:i_croc_soc/i_croc/i_core_wrap/i_ibex.cs_registers_i/mhpmcounter_1896_ net:i_croc_soc/i_croc/i_core_wrap/i_ibex.cs_registers_i/mhpmcounter_1898_ 
    bbox = ( 1707.74, 1120.88 ) - ( 1707.91, 1121.08 ) on Layer Metal2
  violation type: Metal Spacing
    srcs: net:i_croc_soc/i_croc/_1125_ 
    bbox = ( 1043.12, 1396.7 ) - ( 1043.38, 1396.82 ) on Layer Metal2
  violation type: Metal Spacing
    srcs: net:i_croc_soc/i_croc/_1125_ 
    bbox = ( 1042.94, 1396.7 ) - ( 1043.38, 1396.82 ) on Layer Metal2
  violation type: Metal Spacing
    srcs: net:i_croc_soc/i_croc/_1693_ 
    bbox = ( 1044.38, 1358.85 ) - ( 1044.62, 1359.02 ) on Layer Metal2
  violation type: Short
    srcs: net:i_croc_soc/i_croc/i_dm_top.master_we_o net:net3473 
    bbox = ( 1040.96, 1453.52 ) - ( 1041.03, 1454.14 ) on Layer Metal2
  violation type: Short
    srcs: net:i_croc_soc/i_croc/i_dm_top.master_we_o net:net3473 
    bbox = ( 1040.96, 1453.52 ) - ( 1041.03, 1453.72 ) on Layer Metal2
  violation type: Metal Spacing
    srcs: net:net3473 
    bbox = ( 1041.27, 1453.94 ) - ( 1041.45, 1454.14 ) on Layer Metal2
  violation type: Short
    srcs: net:i_croc_soc/i_croc/i_dm_top.master_we_o net:net3473 
    bbox = ( 1040.96, 1453.94 ) - ( 1041.16, 1454.14 ) on Layer Metal2
  violation type: Metal Spacing
    srcs: net:i_croc_soc/i_croc/i_dm_top.master_wdata_o_15_ net:net3473 
    bbox = ( 1043.36, 1453.52 ) - ( 1043.42, 1453.72 ) on Layer Metal2
  violation type: Short
    srcs: net:net3473 net:net3075 
    bbox = ( 1042.22, 1453.94 ) - ( 1042.42, 1454.14 ) on Layer Metal2
  violation type: Short
    srcs: net:net3473 net:net3075 
    bbox = ( 1042.27, 1453.94 ) - ( 1042.42, 1454.14 ) on Layer Metal2
  violation type: Metal Spacing
    srcs: net:net1031 net:net2812 
    bbox = ( 1140.65, 1052.84 ) - ( 1140.74, 1053.04 ) on Layer Metal2
  violation type: Short
    srcs: net:net2811 net:net1032 
    bbox = ( 1123.58, 1063.88 ) - ( 1123.78, 1064.17 ) on Layer Metal2
  violation type: Short
    srcs: net:net2811 net:net1032 
    bbox = ( 1123.58, 1063.97 ) - ( 1123.78, 1064.17 ) on Layer Metal2
  violation type: Short
    srcs: net:net2811 net:net1032 
    bbox = ( 1123.58, 1063.88 ) - ( 1123.78, 1063.96 ) on Layer Metal2
  violation type: Metal Spacing
    srcs: net:net1032 net:net382 
    bbox = ( 1120.9, 1067.96 ) - ( 1120.94, 1068.16 ) on Layer Metal2
  violation type: Short
    srcs: net:i_croc_soc/i_croc/_0769_ net:i_croc_soc/i_croc/_0772_ 
    bbox = ( 1113.62, 1079.09 ) - ( 1113.67, 1079.17 ) on Layer Metal2
  violation type: Short
    srcs: net:i_croc_soc/i_croc/_0769_ net:i_croc_soc/i_croc/_0772_ 
    bbox = ( 1113.58, 1079.09 ) - ( 1113.67, 1079.17 ) on Layer Metal2
  violation type: Metal Spacing
    srcs: net:i_croc_soc/i_croc/_0796_ 
    bbox = ( 1116.38, 1079.13 ) - ( 1116.62, 1079.3 ) on Layer Metal2
  violation type: Short
    srcs: net:i_croc_soc/i_croc/_0864_ net:net1015 
    bbox = ( 1116.62, 1086.56 ) - ( 1116.87, 1086.64 ) on Layer Metal2
  violation type: Short
    srcs: net:i_croc_soc/i_croc/_0864_ net:net1015 
    bbox = ( 1116.66, 1086.56 ) - ( 1116.87, 1086.64 ) on Layer Metal2
  violation type: Short
    srcs: net:i_croc_soc/i_croc/_0864_ net:net1015 
    bbox = ( 1116.62, 1086.56 ) - ( 1116.87, 1086.65 ) on Layer Metal2
  violation type: Short
    srcs: net:i_croc_soc/i_croc/_0864_ net:net1015 
    bbox = ( 1116.66, 1086.56 ) - ( 1116.87, 1086.65 ) on Layer Metal2
  violation type: Short
    srcs: net:i_croc_soc/i_croc/_0864_ net:net1015 
    bbox = ( 1116.66, 1086.56 ) - ( 1116.87, 1086.67 ) on Layer Metal2
  violation type: Short
    srcs: net:i_croc_soc/i_croc/_0864_ net:net1015 
    bbox = ( 1116.62, 1086.56 ) - ( 1116.9, 1086.65 ) on Layer Metal2
  violation type: Short
    srcs: net:i_croc_soc/i_croc/_0864_ net:net1015 
    bbox = ( 1116.66, 1086.56 ) - ( 1116.9, 1086.67 ) on Layer Metal2
  violation type: Short
    srcs: net:i_croc_soc/i_croc/_0864_ net:net1015 
    bbox = ( 1116.62, 1086.56 ) - ( 1116.9, 1086.64 ) on Layer Metal2
  violation type: Metal Spacing
    srcs: net:net1031 
    bbox = ( 1143.26, 1053.09 ) - ( 1143.51, 1053.26 ) on Layer Metal2
  violation type: Short
    srcs: net:net3566 net:net515 
    bbox = ( 1109.58, 1169.6 ) - ( 1109.64, 1169.8 ) on Layer Metal2
  violation type: Metal Spacing
    srcs: net:net3566 net:net515 
    bbox = ( 1109.64, 1169.72 ) - ( 1109.83, 1169.8 ) on Layer Metal2
  violation type: Short
    srcs: net:net3566 net:net515 
    bbox = ( 1109.58, 1169.6 ) - ( 1109.64, 1169.89 ) on Layer Metal2
  violation type: Metal Spacing
    srcs: net:net3566 net:net515 
    bbox = ( 1109.64, 1169.72 ) - ( 1109.83, 1169.89 ) on Layer Metal2
  violation type: Short
    srcs: net:net3566 net:net515 
    bbox = ( 1109.58, 1169.81 ) - ( 1109.64, 1169.89 ) on Layer Metal2
  violation type: Short
    srcs: net:net3566 net:net515 
    bbox = ( 1109.58, 1169.69 ) - ( 1109.78, 1169.89 ) on Layer Metal2
  violation type: Short
    srcs: net:net3566 net:net515 
    bbox = ( 1109.83, 1169.72 ) - ( 1110.12, 1169.89 ) on Layer Metal2
  violation type: Short
    srcs: net:net3566 net:net515 
    bbox = ( 1109.58, 1169.81 ) - ( 1110.12, 1169.89 ) on Layer Metal2
  violation type: Short
    srcs: net:net3566 net:net515 
    bbox = ( 1109.58, 1169.69 ) - ( 1109.78, 1169.8 ) on Layer Metal2
  violation type: Short
    srcs: net:net3566 net:net515 
    bbox = ( 1109.83, 1169.72 ) - ( 1110.12, 1169.8 ) on Layer Metal2
  violation type: Metal Spacing
    srcs: net:net515 
    bbox = ( 1109.78, 1169.72 ) - ( 1109.83, 1170.01 ) on Layer Metal2
  violation type: Metal Spacing
    srcs: net:i_croc_soc/i_croc/_2758_ net:i_croc_soc/i_croc/i_main_xbar.gen_mux\[4\].i_mux.i_rr_arb.gen_arbiter.rr_q_1_ 
    bbox = ( 1101.95, 1260.42 ) - ( 1102.04, 1260.52 ) on Layer Metal2
  violation type: Short
    srcs: net:i_croc_soc/i_croc/_2844_ net:VSS 
    bbox = ( 1130.78, 1447.64 ) - ( 1130.98, 1447.84 ) on Layer Metal2
  violation type: Metal Spacing
    srcs: net:i_croc_soc/i_croc/i_dm_top.master_addr_o_27_ net:net3147 
    bbox = ( 1083.01, 1104.92 ) - ( 1083.02, 1105.54 ) on Layer Metal2
  violation type: Metal Spacing
    srcs: net:i_croc_soc/i_croc/i_dm_top.master_addr_o_27_ net:net3147 
    bbox = ( 1082.83, 1104.92 ) - ( 1083.02, 1105.54 ) on Layer Metal2
  violation type: Short
    srcs: net:i_croc_soc/i_croc/i_dm_top.master_addr_o_27_ net:net3147 
    bbox = ( 1083.02, 1104.92 ) - ( 1083.22, 1105.12 ) on Layer Metal2
  violation type: Short
    srcs: net:i_croc_soc/i_croc/i_dm_top.master_addr_o_27_ net:net3147 
    bbox = ( 1082.62, 1105.34 ) - ( 1082.83, 1105.54 ) on Layer Metal2
  violation type: Short
    srcs: net:i_croc_soc/i_croc/i_dm_top.master_addr_o_27_ net:net3147 
    bbox = ( 1082.62, 1105.34 ) - ( 1082.83, 1105.84 ) on Layer Metal2
  violation type: Short
    srcs: net:i_croc_soc/i_croc/i_dm_top.master_addr_o_27_ net:net3147 
    bbox = ( 1082.81, 1105.34 ) - ( 1082.83, 1105.54 ) on Layer Metal2
  violation type: Short
    srcs: net:i_croc_soc/i_croc/i_dm_top.master_addr_o_27_ net:net3147 
    bbox = ( 1082.81, 1105.34 ) - ( 1082.83, 1105.84 ) on Layer Metal2
  violation type: Short
    srcs: net:i_croc_soc/i_croc/i_dm_top.master_addr_o_27_ net:net3147 
    bbox = ( 1082.62, 1105.34 ) - ( 1083.01, 1105.54 ) on Layer Metal2
  violation type: Short
    srcs: net:i_croc_soc/i_croc/i_dm_top.master_addr_o_27_ net:net3147 
    bbox = ( 1082.81, 1105.34 ) - ( 1083.01, 1105.54 ) on Layer Metal2
  violation type: Metal Spacing
    srcs: net:net3147 
    bbox = ( 1082.06, 1105.96 ) - ( 1082.29, 1105.97 ) on Layer Metal2
  violation type: Metal Spacing
    srcs: net:net3571 
    bbox = ( 1057.82, 1215.21 ) - ( 1058.11, 1215.38 ) on Layer Metal2
  violation type: Metal Spacing
    srcs: net:net3571 
    bbox = ( 1057.82, 1226.97 ) - ( 1058.11, 1227.14 ) on Layer Metal2
  violation type: Metal Spacing
    srcs: net:net3632 
    bbox = ( 1082.78, 1219.41 ) - ( 1083.07, 1219.58 ) on Layer Metal2
  violation type: Metal Spacing
    srcs: net:net2690 net:net1010 
    bbox = ( 1085.38, 1234.27 ) - ( 1085.46, 1234.28 ) on Layer Metal2
  violation type: Metal Spacing
    srcs: net:net2690 net:net1010 
    bbox = ( 1085.38, 1234.28 ) - ( 1085.51, 1234.36 ) on Layer Metal2
  violation type: Metal Spacing
    srcs: net:net2690 
    bbox = ( 1085.51, 1234.06 ) - ( 1085.7, 1234.07 ) on Layer Metal2
  violation type: Metal Spacing
    srcs: net:net2690 
    bbox = ( 1085.46, 1234.06 ) - ( 1085.7, 1234.07 ) on Layer Metal2
  violation type: Short
    srcs: net:net1011 net:net2689 
    bbox = ( 1090.17, 1237.73 ) - ( 1090.18, 1237.84 ) on Layer Metal2
  violation type: Short
    srcs: net:net1011 net:net2689 
    bbox = ( 1090.17, 1237.73 ) - ( 1090.18, 1237.93 ) on Layer Metal2
  violation type: Short
    srcs: net:net1011 net:net2689 
    bbox = ( 1092.66, 1237.65 ) - ( 1092.87, 1237.84 ) on Layer Metal2
  violation type: Short
    srcs: net:net1011 net:net2689 
    bbox = ( 1092.44, 1237.65 ) - ( 1092.64, 1237.84 ) on Layer Metal2
  violation type: Short
    srcs: net:net1011 net:net2689 
    bbox = ( 1092.44, 1237.65 ) - ( 1092.87, 1237.84 ) on Layer Metal2
  violation type: Metal Spacing
    srcs: net:i_croc_soc/i_croc/_1125_ 
    bbox = ( 1043.42, 1400.85 ) - ( 1043.66, 1401.02 ) on Layer Metal2
  violation type: Short
    srcs: net:net2825 net:net2675 
    bbox = ( 1069.46, 1404.08 ) - ( 1069.54, 1404.14 ) on Layer Metal2
  violation type: Metal Spacing
    srcs: net:net2825 
    bbox = ( 1069.3, 1404.37 ) - ( 1069.54, 1404.38 ) on Layer Metal2
  violation type: Short
    srcs: net:net2825 net:net2675 
    bbox = ( 1069.46, 1404.08 ) - ( 1069.59, 1404.14 ) on Layer Metal2
  violation type: Metal Spacing
    srcs: net:net5189 
    bbox = ( 1043.84, 1442.55 ) - ( 1044.13, 1442.6 ) on Layer Metal2
  violation type: Metal Spacing
    srcs: net:i_croc_soc/i_croc/i_core_wrap/i_ibex.cs_registers_i/_0928_ net:net1109 
    bbox = ( 1563.98, 1098.34 ) - ( 1564.02, 1098.4 ) on Layer Metal2
  violation type: Short
    srcs: net:i_croc_soc/i_croc/_1430_ net:net3084 
    bbox = ( 974.91, 1483.76 ) - ( 975.025, 1483.84 ) on Layer Metal2
  violation type: Short
    srcs: net:i_croc_soc/i_croc/_1430_ net:net3084 
    bbox = ( 974.3, 1484.18 ) - ( 974.5, 1484.38 ) on Layer Metal2
  violation type: Metal Spacing
    srcs: net:net2628 
    bbox = ( 1064.06, 1461.33 ) - ( 1064.35, 1461.5 ) on Layer Metal2
  violation type: Metal Spacing
    srcs: net:net3475 
    bbox = ( 1086.62, 1461.33 ) - ( 1086.91, 1461.5 ) on Layer Metal2
  violation type: Metal Spacing
    srcs: net:net3484 
    bbox = ( 1065.5, 1464.69 ) - ( 1065.79, 1464.86 ) on Layer Metal2
  violation type: Metal Spacing
    srcs: net:net3484 
    bbox = ( 1075.1, 1464.69 ) - ( 1075.39, 1464.86 ) on Layer Metal2
  violation type: Metal Spacing
    srcs: net:net3484 
    bbox = ( 1077.5, 1464.69 ) - ( 1077.98, 1464.86 ) on Layer Metal2
  violation type: Metal Spacing
    srcs: net:net3484 
    bbox = ( 1080.38, 1464.69 ) - ( 1080.67, 1464.86 ) on Layer Metal2
  violation type: Metal Spacing
    srcs: net:net2674 
    bbox = ( 1060.22, 1472.25 ) - ( 1060.51, 1472.42 ) on Layer Metal2
  violation type: Metal Spacing
    srcs: net:net2674 
    bbox = ( 1071.26, 1472.25 ) - ( 1071.55, 1472.42 ) on Layer Metal2
  violation type: Metal Spacing
    srcs: net:net2674 
    bbox = ( 1074.14, 1476.45 ) - ( 1074.43, 1476.62 ) on Layer Metal2
  violation type: Metal Spacing
    srcs: net:net2674 
    bbox = ( 1071.74, 1479.81 ) - ( 1072.03, 1479.98 ) on Layer Metal2
  violation type: Short
    srcs: net:i_croc_soc/i_croc/i_dm_top.master_wdata_o_15_ net:net3171 
    bbox = ( 1043.42, 1452.21 ) - ( 1043.62, 1452.93 ) on Layer Metal3
  violation type: Short
    srcs: net:i_croc_soc/i_user/i_user_rand.i_trand.bit_counter_q_2_ net:net5437 
    bbox = ( 1674.38, 1479.77 ) - ( 1674.45, 1479.97 ) on Layer Metal2
